[    0.0s] n=3 census: 240 /256 integral (paper: 240)
[   25.6s] n=4 census: 39416 /65536 integral (paper: 39416)
[   25.8s] orbits: n=3 22 (paper 22);  n=4 402 (paper 402)
[   25.8s] n=4 orbit denominator spectra: {(1,): 246, (1, 2): 137, (1, 2, 3): 11, (1, 3): 7, (): 1}   [paper folds the empty-polytope orbit R=2^U into '{1}: 247']
[   28.1s] S2: identity failures 0 (paper 0); existential violations 0 (paper 0); universal violating pairs 5632 (paper 5632); regions 4864 (paper 4864)
[   28.1s] S2: B4-orbits of violating pairs 27 (paper 27); of violating regions 27
[   28.2s] S2: every 4->3 violation vertex is literally (1/2,1/2,1/2)  OK
[   28.2s] S2b: named 4->3 example checked: upstairs Can list, downstairs edge Can list, upstairs integral, downstairs half vertex
[   28.2s] S2b: signed-complement example checked: R non-integral, complement integral
[   28.2s] S2b: odd-cycle seam instances m=3,5 checked: Can lists, parent integrality, downstairs all-half vertex
[   36.5s] S3: general face lemma  P_Can(R^i) = x_h=i face of P_Can(R): 0 failures over 262144 (R,h,face)
[   37.5s] S3: integral-mixed pairs 124152; safe 118520; violating 5632; classification mismatches 0
[   37.7s] S4: minimal-certificate mechanisms at n=4 (expect 6: UC3, UC3+pendant x2, UC4, T1, T2):
[   37.7s]      count 249  free 3  clauses (((0, -1), (1, -1)), ((0, -1), (2, -1)), ((1, -1), (2, -1)))
[   37.7s]      count 64  free 4  clauses (((0, -1), (1, -1)), ((0, -1), (2, -1)), ((0, -1), (3, -1)), ((1, -1), (2, -1)))
[   37.7s]      count 15  free 4  clauses (((0, -1), (1, -1)), ((0, -1), (2, -1)), ((1, -1), (3, -1)), ((2, -1), (3, 1)))
[   37.7s]      count 11  free 4  clauses (((0, -1), (1, -1), (2, -1)), ((0, -1), (1, -1), (3, -1)), ((0, -1), (2, -1), (3, -1)), ((1, -1), (2, -1), (3, -1)))
[   37.7s]      count 8  free 4  clauses (((0, -1), (1, -1)), ((0, -1), (2, -1)), ((0, -1), (3, -1)), ((1, -1), (2, -1), (3, -1)))
[   37.7s]      count 6  free 4  clauses (((0, -1), (1, -1)), ((0, -1), (2, -1)), ((0, 1), (3, -1)), ((1, -1), (2, -1)))
[   37.7s] S5: n=3 stable 240/256; hereditary 20 (Dedekind), hereditary instabilities 0
[   37.7s] S5: n=4 stable 47888/65536; hereditary 168 (Dedekind), hereditary instabilities 0
[   37.7s] S6: visible n=3 — seam-2 integral parent exists for 16 of 16 non-integral regions (all reachable)
[   37.9s] S6: visible n=4 — min-seam distribution over 155 non-integral orbits: {2: 105, 3: 22, 4: 26, 5: 1, 6: 1} ; unresolved: none (rep 27606 needs a (2,4) split, found at seam 6)
[   37.9s] done.
